******************************************************************************
                  TI ARM Linker PC v18.1.1                     
******************************************************************************
>> Linked Tue Mar 12 13:34:25 2019

OUTPUT FILE NAME:   <Key_To_Send_App.out>
ENTRY POINT SYMBOL: "_c_int00_noinit_noargs"  address: 00000609


MEMORY CONFIGURATION

         name            origin    length      used     unused   attr    fill
----------------------  --------  ---------  --------  --------  ----  --------
  FLASH                 00000000   00040000  000007d8  0003f828  R  X
  SRAM                  20000000   00008000  00000200  00007e00  RW X


SEGMENT ALLOCATION MAP

run origin  load origin   length   init length attrs members
----------  ----------- ---------- ----------- ----- -------
00000000    00000000    000007d8   000007d8    r-x
  00000000    00000000    0000026c   0000026c    r-- .intvecs
  0000026c    0000026c    00000470   00000470    r-x .text
  000006dc    000006dc    000000fc   000000fc    r-- .const
20000000    20000000    00000200   00000000    rw-
  20000000    20000000    00000200   00000000    rw- .stack


SECTION ALLOCATION MAP

 output                                  attributes/
section   page    origin      length       input sections
--------  ----  ----------  ----------   ----------------
.intvecs   0    00000000    0000026c     
                  00000000    0000026c     tm4c123gh6pm_startup_ccs.obj (.intvecs)

.text      0    0000026c    00000470     
                  0000026c    00000132     driverlib.lib : gpio.obj (.text:GPIOPadConfigSet)
                  0000039e    00000002     --HOLE-- [fill = 0]
                  000003a0    00000110                   : sysctl.obj (.text:SysCtlClockGet)
                  000004b0    0000005c     UART.obj (.text)
                  0000050c    00000048     driverlib.lib : gpio.obj (.text:GPIOPinConfigure)
                  00000554    00000046                   : uart.obj (.text:UARTConfigSetExpClk)
                  0000059a    00000002     --HOLE-- [fill = 0]
                  0000059c    00000038                   : sysctl.obj (.text:SysCtlPeripheralReady)
                  000005d4    00000034                   : sysctl.obj (.text:SysCtlPeripheralEnable)
                  00000608    00000030     rtsv7M4_T_le_v4SPD16_eabi.lib : boot_cortex_m.c.obj (.text:_c_int00_noinit_noargs:_c_int00_noinit_noargs)
                  00000638    0000002a     driverlib.lib : gpio.obj (.text:GPIODirModeSet)
                  00000662    00000002     --HOLE-- [fill = 0]
                  00000664    00000020                   : uart.obj (.text:UARTDisable)
                  00000684    00000014                   : uart.obj (.text:UARTEnable)
                  00000698    00000014     main.obj (.text)
                  000006ac    00000012     driverlib.lib : gpio.obj (.text:GPIOPinTypeUART)
                  000006be    0000000c     tm4c123gh6pm_startup_ccs.obj (.text)
                  000006ca    0000000a     driverlib.lib : uart.obj (.text:UARTCharPut)
                  000006d4    00000004     rtsv7M4_T_le_v4SPD16_eabi.lib : pre_init.c.obj (.text:_system_pre_init)
                  000006d8    00000004                                   : exit.c.obj (.text:abort:abort)

.const     0    000006dc    000000fc     
                  000006dc    00000090     driverlib.lib : gpio.obj (.const:g_pui32GPIOBaseAddrs)
                  0000076c    0000006c                   : sysctl.obj (.const:g_pui32Xtals)

.cinit     0    00000000    00000000     UNINITIALIZED

.init_array 
*          0    00000000    00000000     UNINITIALIZED

.stack     0    20000000    00000200     UNINITIALIZED
                  20000000    00000004     rtsv7M4_T_le_v4SPD16_eabi.lib : boot_cortex_m.c.obj (.stack)
                  20000004    000001fc     --HOLE--

MODULE SUMMARY

       Module                         code   ro data   rw data
       ------                         ----   -------   -------
    .\
       tm4c123gh6pm_startup_ccs.obj   12     620       0      
       UART.obj                       92     0         0      
       main.obj                       20     0         0      
    +--+------------------------------+------+---------+---------+
       Total:                         124    620       0      
                                                              
    C:/ti/TivaWare_C_Series-2.1.4.178/driverlib/ccs/Debug/driverlib.lib
       gpio.obj                       438    144       0      
       sysctl.obj                     380    108       0      
       uart.obj                       132    0         0      
    +--+------------------------------+------+---------+---------+
       Total:                         950    252       0      
                                                              
    C:\ti\ccsv8\tools\compiler\ti-cgt-arm_18.1.1.LTS\lib\rtsv7M4_T_le_v4SPD16_eabi.lib
       boot_cortex_m.c.obj            48     0         0      
       exit.c.obj                     4      0         0      
       pre_init.c.obj                 4      0         0      
    +--+------------------------------+------+---------+---------+
       Total:                         56     0         0      
                                                              
       Stack:                         0      0         512    
    +--+------------------------------+------+---------+---------+
       Grand Total:                   1130   872       512    


GLOBAL SYMBOLS: SORTED ALPHABETICALLY BY Name 

address   name                  
-------   ----                  
000006d9  C$$EXIT               
00000639  GPIODirModeSet        
0000026d  GPIOPadConfigSet      
0000050d  GPIOPinConfigure      
000006ad  GPIOPinTypeUART       
000006bf  ResetISR              
000003a1  SysCtlClockGet        
000005d5  SysCtlPeripheralEnable
0000059d  SysCtlPeripheralReady 
000006cb  UARTCharPut           
00000555  UARTConfigSetExpClk   
00000665  UARTDisable           
00000685  UARTEnable            
20000200  __STACK_END           
00000200  __STACK_SIZE          
20000200  __STACK_TOP           
ffffffff  __TI_pprof_out_hndl   
ffffffff  __TI_prof_data_size   
ffffffff  __TI_prof_data_start  
00000000  __TI_static_base__    
ffffffff  __binit__             
ffffffff  __c_args__            
UNDEFED   __mpu_init            
20000000  __stack               
00000609  _c_int00_noinit_noargs
000006d5  _system_pre_init      
000006d9  abort                 
ffffffff  binit                 
00000000  g_pfnVectors          
00000699  main                  
000004b1  uart0_init            


GLOBAL SYMBOLS: SORTED BY Symbol Address 

address   name                  
-------   ----                  
00000000  __TI_static_base__    
00000000  g_pfnVectors          
00000200  __STACK_SIZE          
0000026d  GPIOPadConfigSet      
000003a1  SysCtlClockGet        
000004b1  uart0_init            
0000050d  GPIOPinConfigure      
00000555  UARTConfigSetExpClk   
0000059d  SysCtlPeripheralReady 
000005d5  SysCtlPeripheralEnable
00000609  _c_int00_noinit_noargs
00000639  GPIODirModeSet        
00000665  UARTDisable           
00000685  UARTEnable            
00000699  main                  
000006ad  GPIOPinTypeUART       
000006bf  ResetISR              
000006cb  UARTCharPut           
000006d5  _system_pre_init      
000006d9  C$$EXIT               
000006d9  abort                 
20000000  __stack               
20000200  __STACK_END           
20000200  __STACK_TOP           
ffffffff  __TI_pprof_out_hndl   
ffffffff  __TI_prof_data_size   
ffffffff  __TI_prof_data_start  
ffffffff  __binit__             
ffffffff  __c_args__            
ffffffff  binit                 
UNDEFED   __mpu_init            

[31 symbols]
